Makefile:7: recipe for target 'run_reclame' failed
