True
5 1 5 3 8 3 7 7 8 6 1 4 6 7 6 2 5 5 4 3 2 2 4 1 3 2 1 1 2 1 
