True
1 4 6 9 8 3 3 7 1 2 6 7 5 1 6 2 5 3 2 3 4 4 2 1 3 1 2 1 
